// Jest Snapshot v1, https://goo.gl/fbAQLP

exports[`Form Components should render Form Component 1`] = `[Function]`;
