// Jest Snapshot v1, https://goo.gl/fbAQLP

exports[`NavbarComponent Should render NavbarComponents 1`] = `[Function]`;
