// Jest Snapshot v1, https://goo.gl/fbAQLP

exports[`ProfileComponent should render Profile Component 1`] = `[Function]`;
