// Jest Snapshot v1, https://goo.gl/fbAQLP

exports[`PromptCardComponent should render a PromptCard Component 1`] = `[Function]`;
