// Jest Snapshot v1, https://goo.gl/fbAQLP

exports[`ProviderComponent should render Provider Components 1`] = `[Function]`;
