// Jest Snapshot v1, https://goo.gl/fbAQLP

exports[`CreatePromptPage should redirect to login (unauthenticated) 1`] = `undefined`;
