// Jest Snapshot v1, https://goo.gl/fbAQLP

exports[`MainLayout should render RootLayout component 1`] = `[Function]`;
