// Jest Snapshot v1, https://goo.gl/fbAQLP

exports[`UpdatePrompt should render UpdatePrompt Page 1`] = `[Function]`;
